// Jest Snapshot v1, https://goo.gl/fbAQLP

exports[`UserSubmitReal.vue 預期快照測試會依照 data 輸出內容 1`] = `
<div>
  <form>
    <input
      data-username=""
    />
     
    <input
      type="submit"
    />
  </form>
   
  <span>
    ada
  </span>
   
  <div
    class="message"
  >
    <div>
      嗨, larry,
    </div>
     
    <div>
      你最喜歡的食物是: 米血
    </div>
  </div>
</div>
`;
